../Drivers/STM32F4xx_HAL_Driver/Inc/stm32f4xx_ll_tim.h:1116:22:LL_TIM_EnableCounter	1
../Drivers/STM32F4xx_HAL_Driver/Inc/stm32f4xx_ll_tim.h:1296:22:LL_TIM_EnableARRPreload	1
../Drivers/STM32F4xx_HAL_Driver/Inc/stm32f4xx_ll_tim.h:1612:22:LL_TIM_CC_EnableChannel	1
../Drivers/STM32F4xx_HAL_Driver/Inc/stm32f4xx_ll_tim.h:1637:22:LL_TIM_CC_DisableChannel	1
../Drivers/STM32F4xx_HAL_Driver/Inc/stm32f4xx_ll_tim.h:1903:22:LL_TIM_OC_EnableFast	7
../Drivers/STM32F4xx_HAL_Driver/Inc/stm32f4xx_ll_tim.h:1969:22:LL_TIM_OC_EnablePreload	7
../Drivers/STM32F4xx_HAL_Driver/Inc/stm32f4xx_ll_tim.h:2694:22:LL_TIM_SetClockSource	1
../Drivers/STM32F4xx_HAL_Driver/Inc/stm32f4xx_ll_tim.h:2740:22:LL_TIM_SetTriggerOutput	1
../Drivers/STM32F4xx_HAL_Driver/Inc/stm32f4xx_ll_tim.h:2806:22:LL_TIM_DisableMasterSlaveMode	1
../Drivers/STM32F4xx_HAL_Driver/Inc/stm32f4xx_ll_gpio.h:910:22:LL_GPIO_ResetOutputPin	1
../Drivers/STM32F4xx_HAL_Driver/Inc/stm32f4xx_ll_bus.h:409:22:LL_AHB1_GRP1_EnableClock	1
../Drivers/STM32F4xx_HAL_Driver/Inc/stm32f4xx_ll_bus.h:1185:22:LL_APB1_GRP1_EnableClock	1
../Core/Src/main.c:65:5:main	1
../Core/Src/main.c:118:6:SystemClock_Config	3
../Core/Src/main.c:164:13:MX_TIM3_Init	1
../Core/Src/main.c:221:13:MX_GPIO_Init	1
../Core/Src/main.c:257:6:Error_Handler	1
