../Drivers/STM32F4xx_HAL_Driver/Inc/stm32f4xx_ll_spi.h:310:22:LL_SPI_Enable	16	static
../Drivers/STM32F4xx_HAL_Driver/Inc/stm32f4xx_ll_spi.h:378:22:LL_SPI_SetStandard	16	static
../Drivers/STM32F4xx_HAL_Driver/Inc/stm32f4xx_ll_spi.h:744:26:LL_SPI_IsActiveFlag_RXNE	16	static
../Drivers/STM32F4xx_HAL_Driver/Inc/stm32f4xx_ll_spi.h:755:26:LL_SPI_IsActiveFlag_TXE	16	static
../Drivers/STM32F4xx_HAL_Driver/Inc/stm32f4xx_ll_spi.h:1090:25:LL_SPI_ReceiveData8	16	static
../Drivers/STM32F4xx_HAL_Driver/Inc/stm32f4xx_ll_spi.h:1113:22:LL_SPI_TransmitData8	24	static
../Drivers/STM32F4xx_HAL_Driver/Inc/stm32f4xx_ll_gpio.h:800:26:LL_GPIO_IsInputPinSet	16	static
../Drivers/STM32F4xx_HAL_Driver/Inc/stm32f4xx_ll_gpio.h:881:22:LL_GPIO_SetOutputPin	16	static
../Drivers/STM32F4xx_HAL_Driver/Inc/stm32f4xx_ll_gpio.h:910:22:LL_GPIO_ResetOutputPin	16	static
../Drivers/STM32F4xx_HAL_Driver/Inc/stm32f4xx_ll_bus.h:409:22:LL_AHB1_GRP1_EnableClock	24	static
../Drivers/STM32F4xx_HAL_Driver/Inc/stm32f4xx_ll_bus.h:1704:22:LL_APB2_GRP1_EnableClock	24	static
../Core/Src/ICM20602.c:13:6:ICM20602_GPIO_SPI_Initialization	72	static
../Core/Src/ICM20602.c:76:15:SPI1_SendByte	16	static
../Core/Src/ICM20602.c:87:9:ICM20602_Readbyte	24	static
../Core/Src/ICM20602.c:99:6:ICM20602_Readbytes	32	static
../Core/Src/ICM20602.c:112:6:ICM20602_Writebyte	16	static
../Core/Src/ICM20602.c:120:6:ICM20602_Writebytes	24	static
../Core/Src/ICM20602.c:133:5:ICM20602_Initialization	24	static
../Core/Src/ICM20602.c:220:6:ICM20602_Get6AxisRawData	32	static
../Core/Src/ICM20602.c:234:6:ICM20602_Get3AxisGyroRawData	24	static
../Core/Src/ICM20602.c:244:6:ICM20602_Get3AxisAccRawData	24	static
../Core/Src/ICM20602.c:254:5:ICM20602_DataReady	8	static
