../Drivers/STM32F4xx_HAL_Driver/Inc/stm32f4xx_ll_spi.h:310:22:LL_SPI_Enable	16	static
../Drivers/STM32F4xx_HAL_Driver/Inc/stm32f4xx_ll_spi.h:378:22:LL_SPI_SetStandard	16	static
../Drivers/STM32F4xx_HAL_Driver/Inc/stm32f4xx_ll_spi.h:744:26:LL_SPI_IsActiveFlag_RXNE	16	static
../Drivers/STM32F4xx_HAL_Driver/Inc/stm32f4xx_ll_spi.h:755:26:LL_SPI_IsActiveFlag_TXE	16	static
../Drivers/STM32F4xx_HAL_Driver/Inc/stm32f4xx_ll_spi.h:1090:25:LL_SPI_ReceiveData8	16	static
../Drivers/STM32F4xx_HAL_Driver/Inc/stm32f4xx_ll_spi.h:1113:22:LL_SPI_TransmitData8	24	static
../Drivers/STM32F4xx_HAL_Driver/Inc/stm32f4xx_ll_gpio.h:800:26:LL_GPIO_IsInputPinSet	16	static
../Drivers/STM32F4xx_HAL_Driver/Inc/stm32f4xx_ll_gpio.h:881:22:LL_GPIO_SetOutputPin	16	static
../Drivers/STM32F4xx_HAL_Driver/Inc/stm32f4xx_ll_gpio.h:910:22:LL_GPIO_ResetOutputPin	16	static
../Drivers/STM32F4xx_HAL_Driver/Inc/stm32f4xx_ll_bus.h:409:22:LL_AHB1_GRP1_EnableClock	24	static
../Drivers/STM32F4xx_HAL_Driver/Inc/stm32f4xx_ll_bus.h:1185:22:LL_APB1_GRP1_EnableClock	24	static
../Core/Src/BNO080.c:40:6:BNO080_GPIO_SPI_Initialization	72	static
../Core/Src/BNO080.c:125:5:BNO080_Initialization	8	static
../Core/Src/BNO080.c:176:15:SPI2_SendByte	16	static
../Core/Src/BNO080.c:192:5:BNO080_dataAvailable	8	static
../Core/Src/BNO080.c:235:6:BNO080_parseCommandReport	16	static
../Core/Src/BNO080.c:271:6:BNO080_parseInputReport	32	static
../Core/Src/BNO080.c:387:7:BNO080_getQuatI	8	static
../Core/Src/BNO080.c:393:7:BNO080_getQuatJ	8	static
../Core/Src/BNO080.c:399:7:BNO080_getQuatK	8	static
../Core/Src/BNO080.c:405:7:BNO080_getQuatReal	8	static
../Core/Src/BNO080.c:411:7:BNO080_getQuatRadianAccuracy	8	static
../Core/Src/BNO080.c:417:9:BNO080_getQuatAccuracy	4	static
../Core/Src/BNO080.c:423:7:BNO080_getAccelX	8	static
../Core/Src/BNO080.c:429:7:BNO080_getAccelY	8	static
../Core/Src/BNO080.c:435:7:BNO080_getAccelZ	8	static
../Core/Src/BNO080.c:441:9:BNO080_getAccelAccuracy	4	static
../Core/Src/BNO080.c:449:7:BNO080_getLinAccelX	8	static
../Core/Src/BNO080.c:455:7:BNO080_getLinAccelY	8	static
../Core/Src/BNO080.c:461:7:BNO080_getLinAccelZ	8	static
../Core/Src/BNO080.c:467:9:BNO080_getLinAccelAccuracy	4	static
../Core/Src/BNO080.c:473:7:BNO080_getGyroX	8	static
../Core/Src/BNO080.c:479:7:BNO080_getGyroY	8	static
../Core/Src/BNO080.c:485:7:BNO080_getGyroZ	8	static
../Core/Src/BNO080.c:491:9:BNO080_getGyroAccuracy	4	static
../Core/Src/BNO080.c:497:7:BNO080_getMagX	8	static
../Core/Src/BNO080.c:503:7:BNO080_getMagY	8	static
../Core/Src/BNO080.c:509:7:BNO080_getMagZ	8	static
../Core/Src/BNO080.c:515:9:BNO080_getMagAccuracy	4	static
../Core/Src/BNO080.c:521:10:BNO080_getStepCount	4	static
../Core/Src/BNO080.c:527:9:BNO080_getStabilityClassifier	4	static
../Core/Src/BNO080.c:533:9:BNO080_getActivityClassifier	4	static
../Core/Src/BNO080.c:539:10:BNO080_getTimeStamp	4	static
../Core/Src/BNO080.c:546:9:BNO080_getQ1	16	static
../Core/Src/BNO080.c:554:9:BNO080_getQ2	16	static
../Core/Src/BNO080.c:562:9:BNO080_getQ3	16	static
../Core/Src/BNO080.c:569:7:BNO080_getResolution	24	static
../Core/Src/BNO080.c:582:7:BNO080_getRange	24	static
../Core/Src/BNO080.c:597:10:BNO080_readFRSword	16	static
../Core/Src/BNO080.c:607:6:BNO080_frsReadRequest	16	static
../Core/Src/BNO080.c:625:5:BNO080_readFRSdata	32	static
../Core/Src/BNO080.c:686:6:BNO080_softReset	8	static
../Core/Src/BNO080.c:702:9:BNO080_resetReason	8	static
../Core/Src/BNO080.c:724:7:BNO080_qToFloat	24	static
../Core/Src/BNO080.c:730:6:BNO080_enableRotationVector	16	static
../Core/Src/BNO080.c:736:6:BNO080_enableGameRotationVector	16	static
../Core/Src/BNO080.c:742:6:BNO080_enableAccelerometer	16	static
../Core/Src/BNO080.c:748:6:BNO080_enableLinearAccelerometer	16	static
../Core/Src/BNO080.c:754:6:BNO080_enableGyro	16	static
../Core/Src/BNO080.c:760:6:BNO080_enableMagnetometer	16	static
../Core/Src/BNO080.c:766:6:BNO080_enableStepCounter	16	static
../Core/Src/BNO080.c:772:6:BNO080_enableStabilityClassifier	16	static
../Core/Src/BNO080.c:778:6:BNO080_calibrateAccelerometer	8	static
../Core/Src/BNO080.c:784:6:BNO080_calibrateGyro	8	static
../Core/Src/BNO080.c:790:6:BNO080_calibrateMagnetometer	8	static
../Core/Src/BNO080.c:796:6:BNO080_calibratePlanarAccelerometer	8	static
../Core/Src/BNO080.c:802:6:BNO080_calibrateAll	8	static
../Core/Src/BNO080.c:807:6:BNO080_endCalibration	8	static
../Core/Src/BNO080.c:814:5:BNO080_calibrationComplete	4	static
../Core/Src/BNO080.c:823:6:BNO080_setFeatureCommand	24	static
../Core/Src/BNO080.c:850:6:BNO080_sendCommand	16	static
../Core/Src/BNO080.c:873:6:BNO080_sendCalibrateCommand	24	static
../Core/Src/BNO080.c:914:6:BNO080_requestCalibrationStatus	16	static
../Core/Src/BNO080.c:937:6:BNO080_saveCalibration	16	static
../Core/Src/BNO080.c:959:5:BNO080_waitForSPI	16	static
../Core/Src/BNO080.c:977:5:BNO080_receivePacket	24	static
../Core/Src/BNO080.c:1034:5:BNO080_sendPacket	24	static
