../Drivers/STM32F4xx_HAL_Driver/Inc/stm32f4xx_ll_spi.h:310:22:LL_SPI_Enable	16	static
../Drivers/STM32F4xx_HAL_Driver/Inc/stm32f4xx_ll_spi.h:378:22:LL_SPI_SetStandard	16	static
../Drivers/STM32F4xx_HAL_Driver/Inc/stm32f4xx_ll_spi.h:744:26:LL_SPI_IsActiveFlag_RXNE	16	static
../Drivers/STM32F4xx_HAL_Driver/Inc/stm32f4xx_ll_spi.h:755:26:LL_SPI_IsActiveFlag_TXE	16	static
../Drivers/STM32F4xx_HAL_Driver/Inc/stm32f4xx_ll_spi.h:1090:25:LL_SPI_ReceiveData8	16	static
../Drivers/STM32F4xx_HAL_Driver/Inc/stm32f4xx_ll_spi.h:1113:22:LL_SPI_TransmitData8	24	static
../Drivers/STM32F4xx_HAL_Driver/Inc/stm32f4xx_ll_gpio.h:800:26:LL_GPIO_IsInputPinSet	16	static
../Drivers/STM32F4xx_HAL_Driver/Inc/stm32f4xx_ll_gpio.h:881:22:LL_GPIO_SetOutputPin	16	static
../Drivers/STM32F4xx_HAL_Driver/Inc/stm32f4xx_ll_gpio.h:910:22:LL_GPIO_ResetOutputPin	16	static
../Drivers/STM32F4xx_HAL_Driver/Inc/stm32f4xx_ll_bus.h:409:22:LL_AHB1_GRP1_EnableClock	24	static
../Drivers/STM32F4xx_HAL_Driver/Inc/stm32f4xx_ll_bus.h:1185:22:LL_APB1_GRP1_EnableClock	24	static
../Core/Src/LPS22HH.c:13:6:LPS22HH_GPIO_SPI_Initialization	72	static
../Core/Src/LPS22HH.c:75:15:SPI3_SendByte	16	static
../Core/Src/LPS22HH.c:86:9:LPS22HH_Readbyte	24	static
../Core/Src/LPS22HH.c:98:6:LPS22HH_Readbytes	32	static
../Core/Src/LPS22HH.c:111:6:LPS22HH_Writebyte	16	static
../Core/Src/LPS22HH.c:119:6:LPS22HH_Writebytes	24	static
../Core/Src/LPS22HH.c:134:5:LPS22HH_Initialization	16	static
../Core/Src/LPS22HH.c:208:5:LPS22HH_DataReady	8	static
../Core/Src/LPS22HH.c:213:6:LPS22HH_GetPressure	16	static
../Core/Src/LPS22HH.c:218:6:LPS22HH_GetTemperature	16	static
../Core/Src/LPS22HH.c:225:7:getAltitude1	16	static
../Core/Src/LPS22HH.c:230:7:getAltitude2	16	static
